# file opened: two_dot_strings.asm
 1    0000              ; strings can be concatenated by two-dot operator (like in Lua)
 2    0000                  DEFINE KEYWORD_BIN 'b'.."in"
 3    0000
 4    0000                  ; filename concatenated from multiple parts:
 5    0000                  INCBIN "two_dot_strings" .. '.' .. "asm"
 6    05B7                  OUTPUT "two_dot_strings" .. '.' .. 'b'.."in"
 7    05B7
 8    05B7                  ; for DB comma can be used in this trivial case, but operator should work too:
 9    05B7 73 74 72 69      DB  "string" .. ' ' .. "concatenation", 0, '"' .. 'b'.."in" .. '"'
 9    05BB 6E 67 20 63
 9    05BF 6F 6E 63 61
 9    05C3 74 65 6E 61
 9    05C7 74 69 6F 6E
 9    05CB 00 22 62 69
 9    05CF 6E 22
10    05D1                  ; suffix strings support
11    05D1 41 42 C3 5A      DB "ABC"C .. "Z"Z
11    05D5 00
12    05D6
13    05D6                  ; not sure about this one, if it should be even supported
14    05D6 21 6C 68         ld  hl,"h" .. "l"
15    05D9
16    05D9 42 6C 6F 63      BLOCK 8, "B" .. "lock"Z
16    05DD 6B 00 00 00
17    05E1
18    05E1                  DISPLAY "DISPLAY" .. '..' .. "concatenate"
19    05E1
20    05E1                  STRUCT STRUCT_TEXT
21    05E1 ~            txt     TEXT 8, { "T" .. "ext"Z }
22    05E1                  ENDS
23    05E1 54 65 78 74  txt1    STRUCT_TEXT
23    05E5 00 00 00 00
24    05E9 73 6F 6D 65  txt2    STRUCT_TEXT { {"some" .. "text"} }
24    05ED 74 65 78 74
25    05F1
26    05F1                  ; syntax variations (condensed whitespace)
27    05F1 73 74 72 69      DB  "string"..' '.."concatenation", 0, '"'.. 'b'.."in" ..'"'
27    05F5 6E 67 20 63
27    05F9 6F 6E 63 61
27    05FD 74 65 6E 61
27    0601 74 69 6F 6E
27    0605 00 22 62 69
27    0609 6E 22
28    060B 41 42 C3 5A      DB "ABC"C.."Z"Z
28    060F 00
29    0610 21 6C 68         ld  hl,"h".."l"
30    0613 42 6C 6F 63      BLOCK 8, "B".."lock"Z
30    0617 6B 00 00 00
31    061B
32    061B                  ; errors: missing string literal to concatenate
two_dot_strings.asm(33): error: [..] String literal expected:
33    061B 73 74 72 69      DB "string" ..
33    061F 6E 67
two_dot_strings.asm(34): error: [..] String literal expected:
34    0621 73 74 72 69      DB "string" ..    ; space only
34    0625 6E 67
two_dot_strings.asm(35): error: [..] String literal expected: 0xEE
35    0627 73 74 72 69      DB "string" .. 0xEE
35    062B 6E 67
36    062D
two_dot_strings.asm(37): error: C suffix can't patch empty string: ""C
37    062D 65 6D 70 74      DB "empty second arg with C" .. ""C     ; error can't patch empty string
37    0631 79 20 73 65
37    0635 63 6F 6E 64
37    0639 20 61 72 67
37    063D 20 77 69 74
37    0641 68 20 43
38    0644
39    0644                  END
# file closed: two_dot_strings.asm

Value    Label
------ - -----------------------------------------------------------
0x0008 X STRUCT_TEXT
0x0000 X STRUCT_TEXT.txt
0x05E1 X txt1
0x05E1 X txt1.txt
0x05E9 X txt2
0x05E9 X txt2.txt
