# file opened: two_dot_strings.asm
 1    0000              ; strings can be concatenated by two-dot operator (like in Lua)
 2    0000                  DEFINE KEYWORD_BIN 'b'.."in"
 3    0000
 4    0000                  ; filename concatenated from multiple parts:
 5    0000                  INCBIN "two_dot_strings" .. '.' .. "asm"
 5    0609 00 00 00...    ALIGN $2000
 6    2000                  OUTPUT "two_dot_strings" .. '.' .. 'b'.."in"
 7    2000
 8    2000                  ; for DB comma can be used in this trivial case, but operator should work too:
 9    2000 73 74 72 69      DB  "string" .. ' ' .. "concatenation", 0, '"' .. 'b'.."in" .. '"'
 9    2004 6E 67 20 63
 9    2008 6F 6E 63 61
 9    200C 74 65 6E 61
 9    2010 74 69 6F 6E
 9    2014 00 22 62 69
 9    2018 6E 22
10    201A 41 42 C3 5A      DB "ABC"C .. "Z"Z           ; suffix strings support
10    201E 00
11    201F 09 50 61 73      DP "Pascal" .. "Str"        ; verify pascal string length
11    2023 63 61 6C 53
11    2027 74 72
12    2029
13    2029                  ; not sure about this one, if it should be even supported
14    2029 21 6C 68         ld  hl,"h" .. "l"
15    202C
16    202C 42 6C 6F 63      BLOCK 8, "B" .. "lock"Z
16    2030 6B 00 00 00
17    2034
18    2034                  DISPLAY "DISPLAY" .. '..' .. "concatenate"
19    2034
20    2034                  STRUCT STRUCT_TEXT
21    2034 ~            txt     TEXT 8, { "T" .. "ext"Z }
22    2034                  ENDS
23    2034 54 65 78 74  txt1    STRUCT_TEXT
23    2038 00 00 00 00
24    203C 73 6F 6D 65  txt2    STRUCT_TEXT { {"some" .. "text"} }
24    2040 74 65 78 74
25    2044
26    2044                  ; syntax variations (condensed whitespace)
27    2044 73 74 72 69      DB  "string"..' '.."concatenation", 0, '"'.. 'b'.."in" ..'"'
27    2048 6E 67 20 63
27    204C 6F 6E 63 61
27    2050 74 65 6E 61
27    2054 74 69 6F 6E
27    2058 00 22 62 69
27    205C 6E 22
28    205E 41 42 C3 5A      DB "ABC"C.."Z"Z
28    2062 00
29    2063 21 6C 68         ld  hl,"h".."l"
30    2066 42 6C 6F 63      BLOCK 8, "B".."lock"Z
30    206A 6B 00 00 00
31    206E
32    206E                  ; errors: missing string literal to concatenate
two_dot_strings.asm(33): error: [..] String literal expected:
33    206E 73 74 72 69      DB "string" ..
33    2072 6E 67
two_dot_strings.asm(34): error: [..] String literal expected:
34    2074 73 74 72 69      DB "string" ..    ; space only
34    2078 6E 67
two_dot_strings.asm(35): error: [..] String literal expected: 0xEE
35    207A 73 74 72 69      DB "string" .. 0xEE
35    207E 6E 67
36    2080
two_dot_strings.asm(37): error: C suffix can't patch empty string: ""C
37    2080 65 6D 70 74      DB "empty second arg with C" .. ""C     ; error can't patch empty string
37    2084 79 20 73 65
37    2088 63 6F 6E 64
37    208C 20 61 72 67
37    2090 20 77 69 74
37    2094 68 20 43
38    2097
39    2097                  END
# file closed: two_dot_strings.asm

Value    Label
------ - -----------------------------------------------------------
0x0008 X STRUCT_TEXT
0x0000 X STRUCT_TEXT.txt
0x2034 X txt1
0x2034 X txt1.txt
0x203C X txt2
0x203C X txt2.txt
