# file opened: savetrd4.asm
  1   0000                  ; test data SAVETRD for ful disk and full catalogue
  2   0000                  device zxspectrum128
  3   0000                  ORG #4000
  4   4000
  5   4000                  EMPTYTRD "savetrd4.trd","savetrd4"  ; create empty TRD image
  6   4000
  7   4000                  SAVETRD "savetrd4.trd","0.C",#4000,4600
  8   4000                  SAVETRD "savetrd4.trd","1.C",#4000,4600
  9   4000                  SAVETRD "savetrd4.trd","2.C",#4000,4600
 10   4000                  SAVETRD "savetrd4.trd","3.C",#4000,4600
 11   4000                  SAVETRD "savetrd4.trd","4.C",#4000,4600
 12   4000                  SAVETRD "savetrd4.trd","5.C",#4000,4600
 13   4000                  SAVETRD "savetrd4.trd","6.C",#4000,4600
 14   4000                  SAVETRD "savetrd4.trd","7.C",#4000,4600
 15   4000                  SAVETRD "savetrd4.trd","8.C",#4000,4600
 16   4000                  SAVETRD "savetrd4.trd","9.C",#4000,4600
 17   4000
 18   4000                  SAVETRD "savetrd4.trd","10.C",#4000,4600
 19   4000                  SAVETRD "savetrd4.trd","11.C",#4000,4600
 20   4000                  SAVETRD "savetrd4.trd","12.C",#4000,4600
 21   4000                  SAVETRD "savetrd4.trd","13.C",#4000,4600
 22   4000                  SAVETRD "savetrd4.trd","14.C",#4000,4600
 23   4000                  SAVETRD "savetrd4.trd","15.C",#4000,4600
 24   4000                  SAVETRD "savetrd4.trd","16.C",#4000,4600
 25   4000                  SAVETRD "savetrd4.trd","17.C",#4000,4600
 26   4000                  SAVETRD "savetrd4.trd","18.C",#4000,4600
 27   4000                  SAVETRD "savetrd4.trd","19.C",#4000,4600
 28   4000
 29   4000                  SAVETRD "savetrd4.trd","20.C",#4000,4600
 30   4000                  SAVETRD "savetrd4.trd","21.C",#4000,4600
 31   4000                  SAVETRD "savetrd4.trd","22.C",#4000,4600
 32   4000                  SAVETRD "savetrd4.trd","23.C",#4000,4600
 33   4000                  SAVETRD "savetrd4.trd","24.C",#4000,4600
 34   4000                  SAVETRD "savetrd4.trd","25.C",#4000,4600
 35   4000                  SAVETRD "savetrd4.trd","26.C",#4000,4600
 36   4000                  SAVETRD "savetrd4.trd","27.C",#4000,4600
 37   4000                  SAVETRD "savetrd4.trd","28.C",#4000,4600
 38   4000                  SAVETRD "savetrd4.trd","29.C",#4000,4600
 39   4000
 40   4000                  SAVETRD "savetrd4.trd","30.C",#4000,4600
 41   4000                  SAVETRD "savetrd4.trd","31.C",#4000,4600
 42   4000                  SAVETRD "savetrd4.trd","32.C",#4000,4600
 43   4000                  SAVETRD "savetrd4.trd","33.C",#4000,4600
 44   4000                  SAVETRD "savetrd4.trd","34.C",#4000,4600
 45   4000                  SAVETRD "savetrd4.trd","35.C",#4000,4600
 46   4000                  SAVETRD "savetrd4.trd","36.C",#4000,4600
 47   4000                  SAVETRD "savetrd4.trd","37.C",#4000,4600
 48   4000                  SAVETRD "savetrd4.trd","38.C",#4000,4600
 49   4000                  SAVETRD "savetrd4.trd","39.C",#4000,4600
 50   4000
 51   4000                  SAVETRD "savetrd4.trd","40.C",#4000,4600
 52   4000                  SAVETRD "savetrd4.trd","41.C",#4000,4600
 53   4000                  SAVETRD "savetrd4.trd","42.C",#4000,4600
 54   4000                  SAVETRD "savetrd4.trd","43.C",#4000,4600
 55   4000                  SAVETRD "savetrd4.trd","44.C",#4000,4600
 56   4000                  SAVETRD "savetrd4.trd","45.C",#4000,4600
 57   4000                  SAVETRD "savetrd4.trd","46.C",#4000,4600
 58   4000                  SAVETRD "savetrd4.trd","47.C",#4000,4600
 59   4000                  SAVETRD "savetrd4.trd","48.C",#4000,4600
 60   4000                  SAVETRD "savetrd4.trd","49.C",#4000,4600
 61   4000
 62   4000                  SAVETRD "savetrd4.trd","50.C",#4000,4600
 63   4000                  SAVETRD "savetrd4.trd","51.C",#4000,4600
 64   4000                  SAVETRD "savetrd4.trd","52.C",#4000,4600
 65   4000                  SAVETRD "savetrd4.trd","53.C",#4000,4600
 66   4000                  SAVETRD "savetrd4.trd","54.C",#4000,4600
 67   4000                  SAVETRD "savetrd4.trd","55.C",#4000,4600
 68   4000                  SAVETRD "savetrd4.trd","56.C",#4000,4600
 69   4000                  SAVETRD "savetrd4.trd","57.C",#4000,4600
 70   4000                  SAVETRD "savetrd4.trd","58.C",#4000,4600
 71   4000                  SAVETRD "savetrd4.trd","59.C",#4000,4600
 72   4000
 73   4000                  SAVETRD "savetrd4.trd","60.C",#4000,4600
 74   4000                  SAVETRD "savetrd4.trd","61.C",#4000,4600
 75   4000                  SAVETRD "savetrd4.trd","62.C",#4000,4600
 76   4000                  SAVETRD "savetrd4.trd","63.C",#4000,4600
 77   4000                  SAVETRD "savetrd4.trd","64.C",#4000,4600
 78   4000                  SAVETRD "savetrd4.trd","65.C",#4000,4600
 79   4000                  SAVETRD "savetrd4.trd","66.C",#4000,4600
 80   4000                  SAVETRD "savetrd4.trd","67.C",#4000,4600
 81   4000                  SAVETRD "savetrd4.trd","68.C",#4000,4600
 82   4000                  SAVETRD "savetrd4.trd","69.C",#4000,4600
 83   4000
 84   4000                  SAVETRD "savetrd4.trd","70.C",#4000,4600
 85   4000                  SAVETRD "savetrd4.trd","71.C",#4000,4600
 86   4000                  SAVETRD "savetrd4.trd","72.C",#4000,4600
 87   4000                  SAVETRD "savetrd4.trd","73.C",#4000,4600
 88   4000                  SAVETRD "savetrd4.trd","74.C",#4000,4600
 89   4000                  SAVETRD "savetrd4.trd","75.C",#4000,4600
 90   4000                  SAVETRD "savetrd4.trd","76.C",#4000,4600
 91   4000                  SAVETRD "savetrd4.trd","77.C",#4000,4600
 92   4000                  SAVETRD "savetrd4.trd","78.C",#4000,4600
 93   4000                  SAVETRD "savetrd4.trd","79.C",#4000,4600
 94   4000
 95   4000                  SAVETRD "savetrd4.trd","80.C",#4000,4600
 96   4000                  SAVETRD "savetrd4.trd","81.C",#4000,4600
 97   4000                  SAVETRD "savetrd4.trd","82.C",#4000,4600
 98   4000                  SAVETRD "savetrd4.trd","83.C",#4000,4600
 99   4000                  SAVETRD "savetrd4.trd","84.C",#4000,4600
100   4000                  SAVETRD "savetrd4.trd","85.C",#4000,4600
101   4000                  SAVETRD "savetrd4.trd","86.C",#4000,4600
102   4000                  SAVETRD "savetrd4.trd","87.C",#4000,4600
103   4000                  SAVETRD "savetrd4.trd","88.C",#4000,4600
104   4000                  SAVETRD "savetrd4.trd","89.C",#4000,4600
105   4000
106   4000                  SAVETRD "savetrd4.trd","90.C",#4000,4600
107   4000                  SAVETRD "savetrd4.trd","91.C",#4000,4600
108   4000                  SAVETRD "savetrd4.trd","92.C",#4000,4600
109   4000                  SAVETRD "savetrd4.trd","93.C",#4000,4600
110   4000                  SAVETRD "savetrd4.trd","94.C",#4000,4600
111   4000                  SAVETRD "savetrd4.trd","95.C",#4000,4600
112   4000                  SAVETRD "savetrd4.trd","96.C",#4000,4600
113   4000                  SAVETRD "savetrd4.trd","97.C",#4000,4600
114   4000                  SAVETRD "savetrd4.trd","98.C",#4000,4600
115   4000                  SAVETRD "savetrd4.trd","99.C",#4000,4600
116   4000
117   4000                  SAVETRD "savetrd4.trd","100.C",#4000,4600
118   4000                  SAVETRD "savetrd4.trd","101.C",#4000,4600
119   4000                  SAVETRD "savetrd4.trd","102.C",#4000,4600
120   4000                  SAVETRD "savetrd4.trd","103.C",#4000,4600
121   4000                  SAVETRD "savetrd4.trd","104.C",#4000,4600
122   4000                  SAVETRD "savetrd4.trd","105.C",#4000,4600
123   4000                  SAVETRD "savetrd4.trd","106.C",#4000,4600
124   4000                  SAVETRD "savetrd4.trd","107.C",#4000,4600
125   4000                  SAVETRD "savetrd4.trd","108.C",#4000,4600
126   4000                  SAVETRD "savetrd4.trd","109.C",#4000,4600
127   4000
128   4000                  SAVETRD "savetrd4.trd","110.C",#4000,4600
129   4000                  SAVETRD "savetrd4.trd","111.C",#4000,4600
130   4000                  SAVETRD "savetrd4.trd","112.C",#4000,4600
131   4000                  SAVETRD "savetrd4.trd","113.C",#4000,4600
132   4000                  SAVETRD "savetrd4.trd","114.C",#4000,4600
133   4000                  SAVETRD "savetrd4.trd","115.C",#4000,4600
134   4000                  SAVETRD "savetrd4.trd","116.C",#4000,4600
135   4000                  SAVETRD "savetrd4.trd","117.C",#4000,4600
136   4000                  SAVETRD "savetrd4.trd","118.C",#4000,4600
137   4000                  SAVETRD "savetrd4.trd","119.C",#4000,4600
138   4000
139   4000                  SAVETRD "savetrd4.trd","120.C",#4000,4600
140   4000                  SAVETRD "savetrd4.trd","121.C",#4000,4600
141   4000                  SAVETRD "savetrd4.trd","122.C",#4000,4600
142   4000                  SAVETRD "savetrd4.trd","123.C",#4000,4600
143   4000                  SAVETRD "savetrd4.trd","124.C",#4000,4600
144   4000                  SAVETRD "savetrd4.trd","125.C",#4000,4600
145   4000                  SAVETRD "savetrd4.trd","126.C",#4000,4600
savetrd4.asm(146): error: TRD image does not have a specified file to add data: savetrd4.trd
146   4000                  SAVETRD "savetrd4.trd",&"333.C",#4000,12032 ; error: file not found (before full catalog)
147   4000                  SAVETRD "savetrd4.trd","127.C",#4000,4600
148   4000
149   4000              ; 128 files
150   4000
savetrd4.asm(151): error: TRD image is full of files: savetrd4.trd
151   4000                  SAVETRD "savetrd4.trd","128_.C",#4000,100  ; error catalogue full
152   4000
153   4000                  SAVETRD "savetrd4.trd",&"126.C",#4000,16384 ; add 64 sec. = 82 sec.
154   4000                  SAVETRD "savetrd4.trd",&"126.C",#4000,16384 ; add 64 sec. = 146 sec.
155   4000                  SAVETRD "savetrd4.trd",&"126.C",#4000,16384 ; add 64 sec. = 210 sec.
savetrd4.asm(156): error: zx.trdimage_add_file: new sector length over 0xFF max: savetrd4.trd
156   4000                  SAVETRD "savetrd4.trd",&"126.C",#4000,12032 ; add 64 sec. = error max 255 sec.
157   4000
savetrd4.asm(158): error: TRD image is full of files: savetrd4.trd
158   4000                  SAVETRD "savetrd4.trd",|"125.C",#4000,10240 ; error catalogue full / no change to TRD
159   4000                  SAVETRD "savetrd4.trd",|"127.C",#4000,16880 ; resave 66 sec / 0 free sectors on trd
savetrd4.asm(160): error: TRD image has not enough free space: savetrd4.trd
160   4000                  SAVETRD "savetrd4.trd",|"127.C",#4000,17000 ; error: no space on the disk / no change to TRD
161   4000
savetrd4.asm(162): error: TRD image does not have a specified file to add data: savetrd4.trd
162   4000                  SAVETRD "savetrd4.trd",&"333.C",#4000,12032 ; error: file not found (even in full catalog)
163   4000                  ; disk free 0 sec., 0 erased files
164   4000
savetrd4.asm(165): error: [SAVETRD] No filename: SAVETRD "savetrd4.trd","",#4000,100
165   4000                  SAVETRD "savetrd4.trd","",#4000,100             ; error: no filename
savetrd4.asm(166): error: [SAVETRD] No filename: SAVETRD "savetrd4.trd",,#4000,100
166   4000                  SAVETRD "savetrd4.trd",,#4000,100               ; error: no filename
savetrd4.asm(167): error: [SAVETRD] Syntax error. No address: SAVETRD "savetrd4.trd","NOPARAM.C"
167   4000                  SAVETRD "savetrd4.trd","NOPARAM.C"              ; error: no address
savetrd4.asm(168): error: zx.trdimage_add_file: start address must be in 0000..FFFF range: SAVETRD "savetrd4.trd","NOPARAM.C",,100
168   4000                  SAVETRD "savetrd4.trd","NOPARAM.C",,100         ; error: no address
savetrd4.asm(169): error: [SAVETRD] Syntax error. No length: SAVETRD "savetrd4.trd","NOPARAM.C",#4000
169   4000                  SAVETRD "savetrd4.trd","NOPARAM.C",#4000        ; error: no length
savetrd4.asm(170): error: zx.trdimage_add_file: length must be in 0001..FF00 range: SAVETRD "savetrd4.trd","NOPARAM.C",#4000,0
170   4000                  SAVETRD "savetrd4.trd","NOPARAM.C",#4000,0      ; error: bad length
savetrd4.asm(171): error: zx.trdimage_add_file: length must be in 0001..FF00 range: SAVETRD "savetrd4.trd","NOPARAM.C",#4000,#FF01
171   4000                  SAVETRD "savetrd4.trd","NOPARAM.C",#4000,#FF01  ; error: bad length
172   4000
# file closed: savetrd4.asm

Value    Label
------ - -----------------------------------------------------------
