# file opened: Issue111_LABELSLIST_EQU.asm
 1    0000                  DEVICE  NONE
 2    0000
 3    0000              NONE_EQU    EQU     $1234
 4    0000              NONE_EQU2   EQU     $DEF0
 5    0000
 6    0000                  DEVICE  zxspectrum128
 7    0000
 8    0000              ADDR0_8000  EQU     $8000   ; expecting 02:0000
 9    0000              ADDR0_0     EQU     0       ; expecting :0000
10    0000              ADDR0_C000  EQU     $C000   ; expecting 00:0000
11    0000
12    0000                  PAGE    3
13    0000
14    0000              ADDR3_8000  EQU     $8000   ; expecting 02:0000
15    0000              ADDR3_0     EQU     0       ; expecting :0000
16    0000              ADDR3_C000  EQU     $C000   ; expecting 03:0000
17    0000
18    0000              OTHER_EQU   EQU     $10000
19    0000
20    0000              PagesTab:
Issue111_LABELSLIST_EQU.asm(21): warning: value 0x7F80 is truncated to 8bit value: 0x80
21    0000 02 07 03 80          DB  $$ADDR3_8000, $$ADDR3_0, $$ADDR3_C000, $$OTHER_EQU, $$PagesTab
21    0004 07
22    0005
23    0005                  ORG     $C000
24    C000
25    C000              ORG_ADR:
26    C000              ORG_ADR_EQU EQU     $8000
27    C000
28    C000              OTHER_EQU2  EQU     $10000
29    C000
Issue111_LABELSLIST_EQU.asm(30): warning: value 0x7F80 is truncated to 8bit value: 0x80
30    C000 03 02 80             DB  $$ORG_ADR, $$ORG_ADR_EQU, $$OTHER_EQU2
31    C003
32    C003                  LABELSLIST "Issue111_LABELSLIST_EQU.lbl"
33    C003
# file closed: Issue111_LABELSLIST_EQU.asm

Value    Label
------ - -----------------------------------------------------------
0x1234 X NONE_EQU
0xDEF0 X NONE_EQU2
0x8000 X ADDR0_8000
0x0000 X ADDR0_0
0xC000 X ADDR0_C000
0x8000   ADDR3_8000
0x0000   ADDR3_0
0xC000   ADDR3_C000
0x10000   OTHER_EQU
0x0000   PagesTab
0xC000   ORG_ADR
0x8000   ORG_ADR_EQU
0x10000   OTHER_EQU2
