lua_coverage.asm(7): error: [INCLUDELUA] File doesn't exist: neverfile.lua
lua_coverage.asm(1): error: [LUA] syntax error near 'error'
lua_coverage.asm(8): ^ emitted from here
# file opened: lua_coverage.asm
 1    0000              ; various error states, etc... (not a good fit elsewhere)
lua_coverage.asm(2): error: [ENDLUA] End of lua script without script
 2    0000                  ENDLUA
 3    0000
lua_coverage.asm(4): error: [LUA] Syntax error: neverpass
 4    0000                  LUA neverpass
 5    0000                  ENDLUA
 6    0000
 7    0000                  INCLUDELUA neverfile.lua
 8    0000                  INCLUDELUA lua_coverage.asm     ; file exists, but errors out
 9    0000
10    0000                  LUA pass3
11    0000 ~                    % $ & ?
lua_coverage.asm(11): error: [LUA] unexpected symbol near '%'
12    0000                  ENDLUA
13    0000
14    0000                  LUA pass3   ; lua errors in calling known functions
15    0000 ~                    sj.get_define("define", true, 2)  -- not an error after lua5.4 upgrade, extra arguments are silent
16    0000                  ENDLUA
17    0000
18    0000                  LUA pass3
19    0000 ~                    sj.insert_define("define", 2, 3)  -- not an error after lua5.4 upgrade, extra arguments are silent
20    0000                  ENDLUA
21    0000
22    0000                  LUA         ; check read-only property of the directly mapped values
23    0000 ~                    -- writeable since v1.21.1: sj.current_address = 1
24    0000                  ENDLUA
25    0000                  LUA
26    0000 ~                    sj.error_count = 2
lua_coverage.asm(27): error: [LUA] 'error_count' is read-only
27    0000                  ENDLUA
28    0000                  LUA
29    0000 ~                    sj.warning_count = 3
lua_coverage.asm(30): error: [LUA] 'warning_count' is read-only
30    0000                  ENDLUA
31    0000
32    0000
33    0000                  LUA pass3
34    0000 ~                    someErrorInLua(1, 2, 3)
35    0000 ~
lua_coverage.asm(35): error: [LUA] Unexpected end of lua script
lua_coverage.asm(34): error: [LUA] attempt to call a nil value (global 'someErrorInLua')
lua_coverage.asm(35): ^ emitted from here
35    0000
# file closed: lua_coverage.asm

Value    Label
------ - -----------------------------------------------------------
