# file opened: cpc464.asm
 1    0000                  DEVICE AMSTRADCPC464
 2    0000
 3    0000                  SLOT 0
 4    0000                  PAGE 0
 4    0000                ORG 0x0000
 4    0000 30 30          DB "00"
 5    0002                  PAGE 1
 5    0002                ORG 0x0000
 5    0000 31 31          DB "11"
 6    0002                  PAGE 2
 6    0002                ORG 0x0000
 6    0000 32 32          DB "22"
 7    0002                  PAGE 3
 7    0002                ORG 0x0000
 7    0000 33 33          DB "33"
 8    0002
cpc464.asm(9): error: [PAGE] Page number must be in range 0..3: 4
 9    0002                  PAGE 4      ; error - non-existing page (page 3 should be still visible in slot 0)
10    0002                  ASSERT {0} == "33"
11    0002
12    0002                  SLOT 1
12    0002                PAGE 0
12    0002                ASSERT {0x4000} == "00"
12    0002                PAGE 1
12    0002                ASSERT {0x4000} == "11"
13    0002                  SLOT 2
13    0002                PAGE 2
13    0002                ASSERT {0x8000} == "22"
13    0002                PAGE 3
13    0002                ASSERT {0x8000} == "33"
14    0002                  SLOT 3
14    0002                PAGE 0
14    0002                ASSERT {0xC000} == "00"
14    0002                PAGE 1
14    0002                ASSERT {0xC000} == "11"
15    0002
cpc464.asm(16): error: [SLOT] Slot number must be in range 0..3, or exact starting address of slot
16    0002                  SLOT 4      ; error
17    0002
18    0002                  ; pages: 3:1:3:1
19    0002                  ORG 0xC000-2
20    BFFE 41 41 42 42      DB  "AABB"
21    C002                  ASSERT {0x4000-2} == "AA"   ; should be visible also at these addresses
22    C002                  ASSERT {0x4000} == "BB"
23    C002
24    C002                  ORG 0xFFFE
cpc464.asm(25): error: Write outside of device memory at: 65536
25    FFFE 43 43 44 44      DB  "CCDD"  ; "DD" goes beyond 0x10000 -> lost (error reported)
26    0002                  ASSERT {0} == "33"          ; still page 3 there